16:04:06 **** Incremental Build of configuration Debug for project arm1 ****
make -j24 all 
arm-none-eabi-gcc "../Core/Src/main.c" -mcpu=cortex-m3 -std=gnu11 -g3 -DDEBUG -DUSE_HAL_DRIVER -DSTM32F103xB -c -I../Core/Inc -I../Drivers/STM32F1xx_HAL_Driver/Inc/Legacy -I../Drivers/STM32F1xx_HAL_Driver/Inc -I../Drivers/CMSIS/Device/ST/STM32F1xx/Include -I../Drivers/CMSIS/Include -O0 -ffunction-sections -fdata-sections -Wall -fstack-usage -fcyclomatic-complexity -MMD -MP -MF"Core/Src/main.d" -MT"Core/Src/main.o" --specs=nano.specs -mfloat-abi=soft -mthumb -o "Core/Src/main.o"
arm-none-eabi-gcc -o "arm1.elf" @"objects.list"   -mcpu=cortex-m3 -T"C:\Users\Bartek\STM32CubeIDE\workspace_2.1.1\arm1\STM32F103C8TX_FLASH.ld" --specs=nosys.specs -Wl,-Map="arm1.map" -Wl,--gc-sections -static --specs=nano.specs -mfloat-abi=soft -mthumb -Wl,--start-group -lc -lm -Wl,--end-group
Finished building target: arm1.elf
 
arm-none-eabi-size  arm1.elf 
arm-none-eabi-objdump -h -S arm1.elf  > "arm1.list"
arm-none-eabi-objcopy  -O ihex arm1.elf  "arm1.hex"
   text	   data	    bss	    dec	    hex	filename
   4984	     12	   1604	   6600	   19c8	arm1.elf
arm-none-eabi-objcopy  -O binary arm1.elf  "arm1.bin"
Finished building: default.size.stdout
 
Finished building: arm1.hex
Finished building: arm1.list
Finished building: arm1.bin
 
 
 

16:04:06 Build Finished. 0 errors, 0 warnings. (took 499ms)

